/Users/TheGameStopsNow/Documents/GitHub/power-tracks-engine/scripts/extract_gme_option_trades.py:72: FutureWarning: The argument 'infer_datetime_format' is deprecated and will be removed in a future version. A strict version of it is now the default, see https://pandas.pydata.org/pdeps/0004-consistent-to-datetime-parsing.html. You can safely remove this argument.
  hits = pd.read_csv(hits_csv, parse_dates=["future_start"], infer_datetime_format=True)
trade file missing for 2019-05-14
skipped 2019-05-14 (missing data?)
trade file missing for 2019-05-15
skipped 2019-05-15 (missing data?)
trade file missing for 2019-05-16
skipped 2019-05-16 (missing data?)
trade file missing for 2019-05-17
skipped 2019-05-17 (missing data?)
trade file missing for 2019-05-18
skipped 2019-05-18 (missing data?)
trade file missing for 2019-05-19
skipped 2019-05-19 (missing data?)
trade file missing for 2019-05-20
skipped 2019-05-20 (missing data?)
trade file missing for 2019-05-21
skipped 2019-05-21 (missing data?)
trade file missing for 2019-05-22
skipped 2019-05-22 (missing data?)
wrote reports/diagnostics/options_trades/GME/2020/02/2020-02-18.parquet
wrote reports/diagnostics/options_trades/GME/2020/02/2020-02-19.parquet
wrote reports/diagnostics/options_trades/GME/2020/02/2020-02-20.parquet
wrote reports/diagnostics/options_trades/GME/2020/02/2020-02-21.parquet
trade file missing for 2020-02-22
skipped 2020-02-22 (missing data?)
trade file missing for 2020-02-23
skipped 2020-02-23 (missing data?)
wrote reports/diagnostics/options_trades/GME/2020/02/2020-02-24.parquet
wrote reports/diagnostics/options_trades/GME/2020/02/2020-02-25.parquet
wrote reports/diagnostics/options_trades/GME/2020/02/2020-02-26.parquet
trade file missing for 2020-04-29
skipped 2020-04-29 (missing data?)
trade file missing for 2020-04-30
skipped 2020-04-30 (missing data?)
trade file missing for 2020-05-01
skipped 2020-05-01 (missing data?)
trade file missing for 2020-05-02
skipped 2020-05-02 (missing data?)
trade file missing for 2020-05-03
skipped 2020-05-03 (missing data?)
wrote reports/diagnostics/options_trades/GME/2020/05/2020-05-04.parquet
trade file missing for 2020-05-05
skipped 2020-05-05 (missing data?)
trade file missing for 2020-05-06
skipped 2020-05-06 (missing data?)
wrote reports/diagnostics/options_trades/GME/2021/03/2021-03-03.parquet
wrote reports/diagnostics/options_trades/GME/2021/03/2021-03-04.parquet
wrote reports/diagnostics/options_trades/GME/2021/03/2021-03-05.parquet
trade file missing for 2021-03-06
skipped 2021-03-06 (missing data?)
trade file missing for 2021-03-07
skipped 2021-03-07 (missing data?)
wrote reports/diagnostics/options_trades/GME/2021/03/2021-03-08.parquet
wrote reports/diagnostics/options_trades/GME/2021/03/2021-03-09.parquet
wrote reports/diagnostics/options_trades/GME/2021/03/2021-03-10.parquet
wrote reports/diagnostics/options_trades/GME/2021/03/2021-03-31.parquet
wrote reports/diagnostics/options_trades/GME/2021/04/2021-04-01.parquet
trade file missing for 2021-04-02
skipped 2021-04-02 (missing data?)
trade file missing for 2021-04-03
skipped 2021-04-03 (missing data?)
trade file missing for 2021-04-04
skipped 2021-04-04 (missing data?)
wrote reports/diagnostics/options_trades/GME/2021/04/2021-04-05.parquet
wrote reports/diagnostics/options_trades/GME/2021/04/2021-04-06.parquet
trade file missing for 2021-04-07
skipped 2021-04-07 (missing data?)
wrote reports/diagnostics/options_trades/GME/2021/04/2021-04-08.parquet
wrote reports/diagnostics/options_trades/GME/2021/04/2021-04-16.parquet
trade file missing for 2021-04-17
skipped 2021-04-17 (missing data?)
trade file missing for 2021-04-18
skipped 2021-04-18 (missing data?)
trade file missing for 2021-04-19
skipped 2021-04-19 (missing data?)
trade file missing for 2021-04-20
skipped 2021-04-20 (missing data?)
trade file missing for 2021-04-21
skipped 2021-04-21 (missing data?)
trade file missing for 2021-04-22
skipped 2021-04-22 (missing data?)
trade file missing for 2021-04-23
skipped 2021-04-23 (missing data?)
trade file missing for 2021-04-24
skipped 2021-04-24 (missing data?)
trade file missing for 2021-04-25
skipped 2021-04-25 (missing data?)
trade file missing for 2021-04-26
skipped 2021-04-26 (missing data?)
trade file missing for 2021-04-27
skipped 2021-04-27 (missing data?)
trade file missing for 2021-04-28
skipped 2021-04-28 (missing data?)
trade file missing for 2021-04-29
skipped 2021-04-29 (missing data?)
trade file missing for 2021-04-30
skipped 2021-04-30 (missing data?)
trade file missing for 2021-05-01
skipped 2021-05-01 (missing data?)
trade file missing for 2021-05-12
skipped 2021-05-12 (missing data?)
trade file missing for 2021-05-13
skipped 2021-05-13 (missing data?)
trade file missing for 2021-05-14
skipped 2021-05-14 (missing data?)
trade file missing for 2021-05-15
skipped 2021-05-15 (missing data?)
trade file missing for 2021-05-16
skipped 2021-05-16 (missing data?)
trade file missing for 2021-05-17
skipped 2021-05-17 (missing data?)
trade file missing for 2021-05-18
skipped 2021-05-18 (missing data?)
trade file missing for 2021-05-19
skipped 2021-05-19 (missing data?)
trade file missing for 2021-05-20
skipped 2021-05-20 (missing data?)
trade file missing for 2021-05-28
skipped 2021-05-28 (missing data?)
trade file missing for 2021-05-29
skipped 2021-05-29 (missing data?)
trade file missing for 2021-05-30
skipped 2021-05-30 (missing data?)
trade file missing for 2021-05-31
skipped 2021-05-31 (missing data?)
trade file missing for 2021-06-01
skipped 2021-06-01 (missing data?)
trade file missing for 2021-06-02
skipped 2021-06-02 (missing data?)
trade file missing for 2021-06-03
skipped 2021-06-03 (missing data?)
trade file missing for 2021-06-04
skipped 2021-06-04 (missing data?)
trade file missing for 2021-06-05
skipped 2021-06-05 (missing data?)
trade file missing for 2021-06-06
skipped 2021-06-06 (missing data?)
trade file missing for 2021-06-07
skipped 2021-06-07 (missing data?)
trade file missing for 2021-06-08
skipped 2021-06-08 (missing data?)
trade file missing for 2021-06-09
skipped 2021-06-09 (missing data?)
trade file missing for 2021-07-20
skipped 2021-07-20 (missing data?)
trade file missing for 2021-07-21
skipped 2021-07-21 (missing data?)
trade file missing for 2021-07-22
skipped 2021-07-22 (missing data?)
trade file missing for 2021-07-23
skipped 2021-07-23 (missing data?)
trade file missing for 2021-07-24
skipped 2021-07-24 (missing data?)
trade file missing for 2021-07-25
skipped 2021-07-25 (missing data?)
trade file missing for 2021-07-26
skipped 2021-07-26 (missing data?)
trade file missing for 2021-07-27
skipped 2021-07-27 (missing data?)
trade file missing for 2021-07-28
skipped 2021-07-28 (missing data?)
trade file missing for 2021-08-18
skipped 2021-08-18 (missing data?)
trade file missing for 2021-08-19
skipped 2021-08-19 (missing data?)
trade file missing for 2021-08-20
skipped 2021-08-20 (missing data?)
trade file missing for 2021-08-21
skipped 2021-08-21 (missing data?)
trade file missing for 2021-08-22
skipped 2021-08-22 (missing data?)
trade file missing for 2021-08-23
skipped 2021-08-23 (missing data?)
trade file missing for 2021-08-24
skipped 2021-08-24 (missing data?)
trade file missing for 2021-08-25
skipped 2021-08-25 (missing data?)
trade file missing for 2021-08-26
skipped 2021-08-26 (missing data?)
trade file missing for 2021-09-02
skipped 2021-09-02 (missing data?)
trade file missing for 2021-09-03
skipped 2021-09-03 (missing data?)
trade file missing for 2021-09-04
skipped 2021-09-04 (missing data?)
trade file missing for 2021-09-05
skipped 2021-09-05 (missing data?)
trade file missing for 2021-09-06
skipped 2021-09-06 (missing data?)
trade file missing for 2021-09-07
skipped 2021-09-07 (missing data?)
trade file missing for 2021-09-08
skipped 2021-09-08 (missing data?)
trade file missing for 2021-09-09
skipped 2021-09-09 (missing data?)
trade file missing for 2021-09-10
skipped 2021-09-10 (missing data?)
trade file missing for 2021-09-11
skipped 2021-09-11 (missing data?)
trade file missing for 2021-09-12
skipped 2021-09-12 (missing data?)
trade file missing for 2021-09-13
skipped 2021-09-13 (missing data?)
trade file missing for 2021-09-14
skipped 2021-09-14 (missing data?)
trade file missing for 2021-09-15
skipped 2021-09-15 (missing data?)
trade file missing for 2021-09-16
skipped 2021-09-16 (missing data?)
trade file missing for 2021-09-17
skipped 2021-09-17 (missing data?)
wrote reports/diagnostics/options_trades/GME/2021/10/2021-10-27.parquet
wrote reports/diagnostics/options_trades/GME/2021/10/2021-10-28.parquet
trade file missing for 2021-10-29
skipped 2021-10-29 (missing data?)
trade file missing for 2021-10-30
skipped 2021-10-30 (missing data?)
trade file missing for 2021-10-31
skipped 2021-10-31 (missing data?)
wrote reports/diagnostics/options_trades/GME/2021/11/2021-11-01.parquet
wrote reports/diagnostics/options_trades/GME/2021/11/2021-11-02.parquet
wrote reports/diagnostics/options_trades/GME/2021/11/2021-11-03.parquet
trade file missing for 2021-11-04
skipped 2021-11-04 (missing data?)
wrote reports/diagnostics/options_trades/GME/2021/11/2021-11-23.parquet
wrote reports/diagnostics/options_trades/GME/2021/11/2021-11-24.parquet
trade file missing for 2021-11-25
skipped 2021-11-25 (missing data?)
wrote reports/diagnostics/options_trades/GME/2021/11/2021-11-26.parquet
trade file missing for 2021-11-27
skipped 2021-11-27 (missing data?)
trade file missing for 2021-11-28
skipped 2021-11-28 (missing data?)
wrote reports/diagnostics/options_trades/GME/2021/11/2021-11-29.parquet
wrote reports/diagnostics/options_trades/GME/2021/11/2021-11-30.parquet
wrote reports/diagnostics/options_trades/GME/2021/12/2021-12-01.parquet
wrote reports/diagnostics/options_trades/GME/2021/12/2021-12-02.parquet
wrote reports/diagnostics/options_trades/GME/2021/12/2021-12-03.parquet
trade file missing for 2021-12-04
skipped 2021-12-04 (missing data?)
trade file missing for 2021-12-05
skipped 2021-12-05 (missing data?)
wrote reports/diagnostics/options_trades/GME/2021/12/2021-12-06.parquet
wrote reports/diagnostics/options_trades/GME/2021/12/2021-12-07.parquet
wrote reports/diagnostics/options_trades/GME/2021/12/2021-12-08.parquet
wrote reports/diagnostics/options_trades/GME/2021/12/2021-12-09.parquet
wrote reports/diagnostics/options_trades/GME/2021/12/2021-12-20.parquet
wrote reports/diagnostics/options_trades/GME/2021/12/2021-12-21.parquet
wrote reports/diagnostics/options_trades/GME/2021/12/2021-12-22.parquet
wrote reports/diagnostics/options_trades/GME/2021/12/2021-12-23.parquet
trade file missing for 2021-12-24
skipped 2021-12-24 (missing data?)
wrote reports/diagnostics/options_trades/GME/2021/12/2021-12-28.parquet
wrote reports/diagnostics/options_trades/GME/2021/12/2021-12-29.parquet
wrote reports/diagnostics/options_trades/GME/2021/12/2021-12-30.parquet
wrote reports/diagnostics/options_trades/GME/2021/12/2021-12-31.parquet
trade file missing for 2022-01-01
skipped 2022-01-01 (missing data?)
trade file missing for 2022-01-02
skipped 2022-01-02 (missing data?)
wrote reports/diagnostics/options_trades/GME/2022/01/2022-01-03.parquet
wrote reports/diagnostics/options_trades/GME/2022/01/2022-01-04.parquet
wrote reports/diagnostics/options_trades/GME/2022/01/2022-01-05.parquet
wrote reports/diagnostics/options_trades/GME/2022/01/2022-01-19.parquet
wrote reports/diagnostics/options_trades/GME/2022/01/2022-01-20.parquet
wrote reports/diagnostics/options_trades/GME/2022/01/2022-01-21.parquet
trade file missing for 2022-01-22
skipped 2022-01-22 (missing data?)
trade file missing for 2022-01-23
skipped 2022-01-23 (missing data?)
wrote reports/diagnostics/options_trades/GME/2022/01/2022-01-24.parquet
wrote reports/diagnostics/options_trades/GME/2022/01/2022-01-25.parquet
wrote reports/diagnostics/options_trades/GME/2022/01/2022-01-26.parquet
wrote reports/diagnostics/options_trades/GME/2022/01/2022-01-27.parquet
wrote reports/diagnostics/options_trades/GME/2022/04/2022-04-06.parquet
wrote reports/diagnostics/options_trades/GME/2022/04/2022-04-07.parquet
wrote reports/diagnostics/options_trades/GME/2022/04/2022-04-08.parquet
trade file missing for 2022-04-09
skipped 2022-04-09 (missing data?)
trade file missing for 2022-04-10
skipped 2022-04-10 (missing data?)
wrote reports/diagnostics/options_trades/GME/2022/04/2022-04-11.parquet
wrote reports/diagnostics/options_trades/GME/2022/04/2022-04-12.parquet
wrote reports/diagnostics/options_trades/GME/2022/04/2022-04-13.parquet
wrote reports/diagnostics/options_trades/GME/2022/04/2022-04-14.parquet
wrote reports/diagnostics/options_trades/GME/2022/05/2022-05-04.parquet
wrote reports/diagnostics/options_trades/GME/2022/05/2022-05-05.parquet
wrote reports/diagnostics/options_trades/GME/2022/05/2022-05-06.parquet
trade file missing for 2022-05-07
skipped 2022-05-07 (missing data?)
trade file missing for 2022-05-08
skipped 2022-05-08 (missing data?)
wrote reports/diagnostics/options_trades/GME/2022/05/2022-05-09.parquet
wrote reports/diagnostics/options_trades/GME/2022/05/2022-05-10.parquet
wrote reports/diagnostics/options_trades/GME/2022/05/2022-05-11.parquet
wrote reports/diagnostics/options_trades/GME/2022/05/2022-05-12.parquet
wrote reports/diagnostics/options_trades/GME/2022/05/2022-05-13.parquet
trade file missing for 2022-05-14
skipped 2022-05-14 (missing data?)
trade file missing for 2022-05-15
skipped 2022-05-15 (missing data?)
wrote reports/diagnostics/options_trades/GME/2022/05/2022-05-16.parquet
wrote reports/diagnostics/options_trades/GME/2022/05/2022-05-17.parquet
wrote reports/diagnostics/options_trades/GME/2022/05/2022-05-18.parquet
wrote reports/diagnostics/options_trades/GME/2022/05/2022-05-19.parquet
wrote reports/diagnostics/options_trades/GME/2022/05/2022-05-20.parquet
trade file missing for 2022-05-21
skipped 2022-05-21 (missing data?)
trade file missing for 2022-05-22
skipped 2022-05-22 (missing data?)
wrote reports/diagnostics/options_trades/GME/2022/05/2022-05-23.parquet
wrote reports/diagnostics/options_trades/GME/2022/05/2022-05-24.parquet
wrote reports/diagnostics/options_trades/GME/2022/05/2022-05-25.parquet
wrote reports/diagnostics/options_trades/GME/2022/05/2022-05-26.parquet
trade file missing for 2022-07-17
skipped 2022-07-17 (missing data?)
wrote reports/diagnostics/options_trades/GME/2022/07/2022-07-18.parquet
wrote reports/diagnostics/options_trades/GME/2022/07/2022-07-19.parquet
wrote reports/diagnostics/options_trades/GME/2022/07/2022-07-20.parquet
wrote reports/diagnostics/options_trades/GME/2022/07/2022-07-21.parquet
wrote reports/diagnostics/options_trades/GME/2022/07/2022-07-22.parquet
trade file missing for 2022-07-23
skipped 2022-07-23 (missing data?)
wrote reports/diagnostics/options_trades/GME/2022/08/2022-08-12.parquet
trade file missing for 2022-08-13
skipped 2022-08-13 (missing data?)
trade file missing for 2022-08-14
skipped 2022-08-14 (missing data?)
wrote reports/diagnostics/options_trades/GME/2022/08/2022-08-15.parquet
wrote reports/diagnostics/options_trades/GME/2022/08/2022-08-16.parquet
wrote reports/diagnostics/options_trades/GME/2022/08/2022-08-17.parquet
wrote reports/diagnostics/options_trades/GME/2022/08/2022-08-18.parquet
wrote reports/diagnostics/options_trades/GME/2022/08/2022-08-19.parquet
wrote reports/diagnostics/options_trades/GME/2022/09/2022-09-02.parquet
trade file missing for 2022-09-03
skipped 2022-09-03 (missing data?)
trade file missing for 2022-09-04
skipped 2022-09-04 (missing data?)
trade file missing for 2022-09-05
skipped 2022-09-05 (missing data?)
wrote reports/diagnostics/options_trades/GME/2022/09/2022-09-06.parquet
wrote reports/diagnostics/options_trades/GME/2022/09/2022-09-07.parquet
wrote reports/diagnostics/options_trades/GME/2022/09/2022-09-08.parquet
wrote reports/diagnostics/options_trades/GME/2022/09/2022-09-09.parquet
wrote reports/diagnostics/options_trades/GME/2022/12/2022-12-14.parquet
wrote reports/diagnostics/options_trades/GME/2022/12/2022-12-15.parquet
wrote reports/diagnostics/options_trades/GME/2022/12/2022-12-16.parquet
trade file missing for 2022-12-17
skipped 2022-12-17 (missing data?)
trade file missing for 2022-12-18
skipped 2022-12-18 (missing data?)
wrote reports/diagnostics/options_trades/GME/2022/12/2022-12-19.parquet
wrote reports/diagnostics/options_trades/GME/2022/12/2022-12-20.parquet
wrote reports/diagnostics/options_trades/GME/2022/12/2022-12-21.parquet
wrote reports/diagnostics/options_trades/GME/2022/12/2022-12-22.parquet
trade file missing for 2023-01-02
skipped 2023-01-02 (missing data?)
wrote reports/diagnostics/options_trades/GME/2023/01/2023-01-03.parquet
wrote reports/diagnostics/options_trades/GME/2023/01/2023-01-04.parquet
wrote reports/diagnostics/options_trades/GME/2023/01/2023-01-05.parquet
wrote reports/diagnostics/options_trades/GME/2023/01/2023-01-06.parquet
trade file missing for 2023-01-07
skipped 2023-01-07 (missing data?)
trade file missing for 2023-01-08
skipped 2023-01-08 (missing data?)
wrote reports/diagnostics/options_trades/GME/2023/01/2023-01-09.parquet
wrote reports/diagnostics/options_trades/GME/2023/01/2023-01-10.parquet
wrote reports/diagnostics/options_trades/GME/2023/01/2023-01-11.parquet
wrote reports/diagnostics/options_trades/GME/2023/01/2023-01-12.parquet
wrote reports/diagnostics/options_trades/GME/2023/04/2023-04-25.parquet
wrote reports/diagnostics/options_trades/GME/2023/04/2023-04-26.parquet
wrote reports/diagnostics/options_trades/GME/2023/04/2023-04-27.parquet
wrote reports/diagnostics/options_trades/GME/2023/04/2023-04-28.parquet
trade file missing for 2023-04-29
skipped 2023-04-29 (missing data?)
trade file missing for 2023-04-30
skipped 2023-04-30 (missing data?)
wrote reports/diagnostics/options_trades/GME/2023/05/2023-05-01.parquet
wrote reports/diagnostics/options_trades/GME/2023/05/2023-05-02.parquet
wrote reports/diagnostics/options_trades/GME/2023/05/2023-05-03.parquet
wrote reports/diagnostics/options_trades/GME/2024/07/2024-07-05.parquet
trade file missing for 2024-07-06
skipped 2024-07-06 (missing data?)
trade file missing for 2024-07-07
skipped 2024-07-07 (missing data?)
wrote reports/diagnostics/options_trades/GME/2024/07/2024-07-08.parquet
wrote reports/diagnostics/options_trades/GME/2024/07/2024-07-09.parquet
wrote reports/diagnostics/options_trades/GME/2024/07/2024-07-10.parquet
wrote reports/diagnostics/options_trades/GME/2024/07/2024-07-11.parquet
wrote reports/diagnostics/options_trades/GME/2024/07/2024-07-12.parquet
trade file missing for 2024-07-13
skipped 2024-07-13 (missing data?)
trade file missing for 2024-07-14
skipped 2024-07-14 (missing data?)
wrote reports/diagnostics/options_trades/GME/2024/07/2024-07-15.parquet
wrote reports/diagnostics/options_trades/GME/2024/07/2024-07-16.parquet
wrote reports/diagnostics/options_trades/GME/2024/07/2024-07-17.parquet
wrote reports/diagnostics/options_trades/GME/2024/07/2024-07-18.parquet
wrote reports/diagnostics/options_trades/GME/2024/07/2024-07-19.parquet
trade file missing for 2024-07-20
skipped 2024-07-20 (missing data?)
trade file missing for 2024-07-21
skipped 2024-07-21 (missing data?)
wrote reports/diagnostics/options_trades/GME/2024/07/2024-07-22.parquet
wrote reports/diagnostics/options_trades/GME/2024/07/2024-07-23.parquet
wrote reports/diagnostics/options_trades/GME/2024/07/2024-07-24.parquet
wrote reports/diagnostics/options_trades/GME/2024/07/2024-07-25.parquet
wrote reports/diagnostics/options_trades/GME/2024/07/2024-07-26.parquet
trade file missing for 2024-07-27
skipped 2024-07-27 (missing data?)
wrote reports/diagnostics/options_trades/GME/2024/08/2024-08-14.parquet
wrote reports/diagnostics/options_trades/GME/2024/08/2024-08-15.parquet
wrote reports/diagnostics/options_trades/GME/2024/08/2024-08-16.parquet
trade file missing for 2024-08-17
skipped 2024-08-17 (missing data?)
trade file missing for 2024-08-18
skipped 2024-08-18 (missing data?)
wrote reports/diagnostics/options_trades/GME/2024/08/2024-08-19.parquet
wrote reports/diagnostics/options_trades/GME/2024/08/2024-08-20.parquet
wrote reports/diagnostics/options_trades/GME/2024/08/2024-08-21.parquet
wrote reports/diagnostics/options_trades/GME/2024/08/2024-08-22.parquet
wrote reports/diagnostics/options_trades/GME/2024/08/2024-08-23.parquet
trade file missing for 2024-08-24
skipped 2024-08-24 (missing data?)
trade file missing for 2024-08-25
skipped 2024-08-25 (missing data?)
wrote reports/diagnostics/options_trades/GME/2024/08/2024-08-26.parquet
wrote reports/diagnostics/options_trades/GME/2024/08/2024-08-27.parquet
wrote reports/diagnostics/options_trades/GME/2024/08/2024-08-28.parquet
wrote reports/diagnostics/options_trades/GME/2024/08/2024-08-29.parquet
wrote reports/diagnostics/options_trades/GME/2024/08/2024-08-30.parquet
trade file missing for 2024-08-31
skipped 2024-08-31 (missing data?)
trade file missing for 2024-09-01
skipped 2024-09-01 (missing data?)
trade file missing for 2024-09-02
skipped 2024-09-02 (missing data?)
wrote reports/diagnostics/options_trades/GME/2024/09/2024-09-03.parquet
wrote reports/diagnostics/options_trades/GME/2024/09/2024-09-05.parquet
wrote reports/diagnostics/options_trades/GME/2024/09/2024-09-06.parquet
trade file missing for 2024-09-07
skipped 2024-09-07 (missing data?)
trade file missing for 2024-09-08
skipped 2024-09-08 (missing data?)
wrote reports/diagnostics/options_trades/GME/2024/09/2024-09-09.parquet
wrote reports/diagnostics/options_trades/GME/2024/09/2024-09-10.parquet
wrote reports/diagnostics/options_trades/GME/2024/09/2024-09-11.parquet
wrote reports/diagnostics/options_trades/GME/2024/09/2024-09-12.parquet
wrote reports/diagnostics/options_trades/GME/2024/09/2024-09-13.parquet
trade file missing for 2024-09-14
skipped 2024-09-14 (missing data?)
trade file missing for 2024-09-15
skipped 2024-09-15 (missing data?)
wrote reports/diagnostics/options_trades/GME/2024/09/2024-09-16.parquet
wrote reports/diagnostics/options_trades/GME/2024/09/2024-09-17.parquet
wrote reports/diagnostics/options_trades/GME/2024/09/2024-09-25.parquet
wrote reports/diagnostics/options_trades/GME/2024/09/2024-09-26.parquet
wrote reports/diagnostics/options_trades/GME/2024/09/2024-09-27.parquet
trade file missing for 2024-09-28
skipped 2024-09-28 (missing data?)
trade file missing for 2024-09-29
skipped 2024-09-29 (missing data?)
wrote reports/diagnostics/options_trades/GME/2024/09/2024-09-30.parquet
wrote reports/diagnostics/options_trades/GME/2024/10/2024-10-01.parquet
wrote reports/diagnostics/options_trades/GME/2024/10/2024-10-02.parquet
wrote reports/diagnostics/options_trades/GME/2024/10/2024-10-17.parquet
wrote reports/diagnostics/options_trades/GME/2024/10/2024-10-18.parquet
trade file missing for 2024-10-19
skipped 2024-10-19 (missing data?)
trade file missing for 2024-10-20
skipped 2024-10-20 (missing data?)
wrote reports/diagnostics/options_trades/GME/2024/10/2024-10-21.parquet
wrote reports/diagnostics/options_trades/GME/2024/10/2024-10-22.parquet
wrote reports/diagnostics/options_trades/GME/2024/10/2024-10-23.parquet
wrote reports/diagnostics/options_trades/GME/2024/11/2024-11-12.parquet
wrote reports/diagnostics/options_trades/GME/2024/11/2024-11-13.parquet
wrote reports/diagnostics/options_trades/GME/2024/11/2024-11-14.parquet
wrote reports/diagnostics/options_trades/GME/2024/11/2024-11-15.parquet
trade file missing for 2024-11-16
skipped 2024-11-16 (missing data?)
trade file missing for 2024-11-17
skipped 2024-11-17 (missing data?)
wrote reports/diagnostics/options_trades/GME/2024/11/2024-11-18.parquet
wrote reports/diagnostics/options_trades/GME/2024/11/2024-11-19.parquet
wrote reports/diagnostics/options_trades/GME/2024/11/2024-11-20.parquet
wrote reports/diagnostics/options_trades/GME/2024/11/2024-11-22.parquet
trade file missing for 2024-11-23
skipped 2024-11-23 (missing data?)
trade file missing for 2024-11-24
skipped 2024-11-24 (missing data?)
wrote reports/diagnostics/options_trades/GME/2024/11/2024-11-25.parquet
wrote reports/diagnostics/options_trades/GME/2024/11/2024-11-26.parquet
wrote reports/diagnostics/options_trades/GME/2024/11/2024-11-27.parquet
trade file missing for 2024-11-28
skipped 2024-11-28 (missing data?)
wrote reports/diagnostics/options_trades/GME/2024/12/2024-12-27.parquet
trade file missing for 2024-12-28
skipped 2024-12-28 (missing data?)
trade file missing for 2024-12-29
skipped 2024-12-29 (missing data?)
wrote reports/diagnostics/options_trades/GME/2024/12/2024-12-30.parquet
wrote reports/diagnostics/options_trades/GME/2024/12/2024-12-31.parquet
trade file missing for 2025-01-01
skipped 2025-01-01 (missing data?)
wrote reports/diagnostics/options_trades/GME/2025/01/2025-01-02.parquet
wrote reports/diagnostics/options_trades/GME/2025/01/2025-01-03.parquet
trade file missing for 2025-01-04
skipped 2025-01-04 (missing data?)
trade file missing for 2025-01-05
skipped 2025-01-05 (missing data?)
wrote reports/diagnostics/options_trades/GME/2025/01/2025-01-06.parquet
wrote reports/diagnostics/options_trades/GME/2025/01/2025-01-07.parquet
wrote reports/diagnostics/options_trades/GME/2025/01/2025-01-08.parquet
wrote reports/diagnostics/options_trades/GME/2025/03/2025-03-17.parquet
wrote reports/diagnostics/options_trades/GME/2025/03/2025-03-18.parquet
wrote reports/diagnostics/options_trades/GME/2025/03/2025-03-19.parquet
wrote reports/diagnostics/options_trades/GME/2025/03/2025-03-20.parquet
wrote reports/diagnostics/options_trades/GME/2025/03/2025-03-21.parquet
trade file missing for 2025-03-22
skipped 2025-03-22 (missing data?)
trade file missing for 2025-03-23
skipped 2025-03-23 (missing data?)
wrote reports/diagnostics/options_trades/GME/2025/03/2025-03-24.parquet
wrote reports/diagnostics/options_trades/GME/2025/04/2025-04-07.parquet
wrote reports/diagnostics/options_trades/GME/2025/04/2025-04-08.parquet
wrote reports/diagnostics/options_trades/GME/2025/04/2025-04-09.parquet
wrote reports/diagnostics/options_trades/GME/2025/04/2025-04-10.parquet
wrote reports/diagnostics/options_trades/GME/2025/04/2025-04-11.parquet
trade file missing for 2025-04-12
skipped 2025-04-12 (missing data?)
trade file missing for 2025-04-13
skipped 2025-04-13 (missing data?)
wrote reports/diagnostics/options_trades/GME/2025/04/2025-04-14.parquet
wrote reports/diagnostics/options_trades/GME/2025/04/2025-04-15.parquet
